Initializing NUTS using adapt_diag...
Sequential sampling (1 chains in 1 job)
NUTS: [b_bar_z, z, lam, tau_z, Sigma_packed_z]
Sampling 1 chain for 300 tune and 300 draw iterations (300 + 300 draws total) took 257 seconds.
==============================================================================
BACKTEST BUDGET | size_bm_25 | p0_23_r2_0p05
reference: 4 chains x 1500 draws, B median bulk ESS 5591
reference tau 2.1019e-05 = 0.0533 x tau_0
==============================================================================

RULE, fixed before the numbers are seen: adopt the SMALLEST budget
with median z below ~1, everything within 4 SE, correlation above
0.999, and tau within 20% of the reference. Do not pick the cheapest
that passes after the fact.

==============================================================================
early t=240   (240 months, 96 residual df)
==============================================================================
   NOTE: compared against the FULL-SAMPLE reference B, which is
   not this window's posterior mean. Read the tau column and the
   timing here; the z statistics are only interpretable on the
   full window.

     draws   tune   median z    max z    <3 SE      corr   tau/ref   div     min
  1 chains x 300 draws (300 tune) in 285s
  divergences 4 of 300 (1.3%) | tree depth 7.99 | E-BFMI 0.77
       300    300       7.57    53.61    19.8%    0.4188     0.329     4     4.8
Initializing NUTS using adapt_diag...
Sequential sampling (1 chains in 1 job)
NUTS: [b_bar_z, z, lam, tau_z, Sigma_packed_z]
Sampling 1 chain for 500 tune and 500 draw iterations (500 + 500 draws total) took 393 seconds.
  1 chains x 500 draws (500 tune) in 413s
  divergences 0 of 500 (0.0%) | tree depth 8.00 | E-BFMI 0.81
       500    500       9.84    70.95    12.9%    0.4175     0.375     0     6.9
Initializing NUTS using adapt_diag...
Sequential sampling (1 chains in 1 job)
NUTS: [b_bar_z, z, lam, tau_z, Sigma_packed_z]
Sampling 1 chain for 500 tune and 750 draw iterations (500 + 750 draws total) took 483 seconds.
  1 chains x 750 draws (500 tune) in 502s
  divergences 1 of 750 (0.1%) | tree depth 8.00 | E-BFMI 0.79
       750    500      11.47    87.18    10.5%    0.4196     0.364     1     8.4
Initializing NUTS using adapt_diag...
Sequential sampling (1 chains in 1 job)
NUTS: [b_bar_z, z, lam, tau_z, Sigma_packed_z]
Sampling 1 chain for 1_000 tune and 1_000 draw iterations (1_000 + 1_000 draws total) took 796 seconds.
  1 chains x 1000 draws (1000 tune) in 815s
  divergences 3 of 1000 (0.3%) | tree depth 8.00 | E-BFMI 0.80
      1000   1000      12.98    93.15     9.9%    0.4274     0.311     3    13.6
Initializing NUTS using adapt_diag...
Sequential sampling (1 chains in 1 job)
NUTS: [b_bar_z, z, lam, tau_z, Sigma_packed_z]
Sampling 1 chain for 300 tune and 300 draw iterations (300 + 300 draws total) took 755 seconds.

==============================================================================
full t=719   (719 months, 575 residual df)
==============================================================================

     draws   tune   median z    max z    <3 SE      corr   tau/ref   div     min
  1 chains x 300 draws (300 tune) in 773s
  divergences 5 of 300 (1.7%) | tree depth 9.98 | E-BFMI 0.57
       300    300       0.42     3.70   100.0%    0.9985     1.036     5    12.9
Initializing NUTS using adapt_diag...
Sequential sampling (1 chains in 1 job)
NUTS: [b_bar_z, z, lam, tau_z, Sigma_packed_z]
Sampling 1 chain for 500 tune and 500 draw iterations (500 + 500 draws total) took 906 seconds.
  1 chains x 500 draws (500 tune) in 928s
  divergences 10 of 500 (2.0%) | tree depth 8.97 | E-BFMI 0.86
       500    500       0.56     4.34    99.8%    0.9985     1.038    10    15.5
Initializing NUTS using adapt_diag...
Sequential sampling (1 chains in 1 job)
NUTS: [b_bar_z, z, lam, tau_z, Sigma_packed_z]
Sampling 1 chain for 500 tune and 750 draw iterations (500 + 750 draws total) took 1238 seconds.
  1 chains x 750 draws (500 tune) in 1268s
  divergences 12 of 750 (1.6%) | tree depth 8.98 | E-BFMI 0.83
       750    500       0.60     3.84    99.8%    0.9990     1.019    12    21.1
Initializing NUTS using adapt_diag...
Sequential sampling (1 chains in 1 job)
NUTS: [b_bar_z, z, lam, tau_z, Sigma_packed_z]
Sampling 1 chain for 1_000 tune and 1_000 draw iterations (1_000 + 1_000 draws total) took 2063 seconds.
  1 chains x 1000 draws (1000 tune) in 2086s
  divergences 10 of 1000 (1.0%) | tree depth 8.99 | E-BFMI 0.79
      1000   1000       0.52     4.76    99.8%    0.9993     0.997    10    34.8

   Read the MEDIAN z, not the max: with 3,600 parameters two
   perfectly agreeing estimates give a max |z| whose own median is
   3.73 (5th-95th 3.34-4.34). The baseline's accepted budget gave
   median 0.72, 100% within 3 SE, correlation 0.9989.

   Multiply the chosen budget's time by 40 for one universe, and
   note fits get SLOWER as the window expands, so the early-window
   time is a lower bound on the average.
