Initializing NUTS using adapt_diag...
Sequential sampling (1 chains in 1 job)
NUTS: [b_bar_z, z, lam, tau_z, Sigma_packed_z]
Sampling 1 chain for 500 tune and 750 draw iterations (500 + 750 draws total) took 513 seconds.
Predictive intervals | horseshoe | size_bm_25
  settings: {'model': 'horseshoe', 'p0': 23, 'target_r2': 0.05, 'n_draws': 750, 'n_tune': 500, 'seed': 0}
  40 refits, draws retained per window

  1 chains x 750 draws (500 tune) in 532s
  divergences 2 of 750 (0.3%) | tree depth 8.00 | E-BFMI 0.87
  refit 1/40 at t=240 (533s elapsed, 20784s remaining)
Initializing NUTS using adapt_diag...
Sequential sampling (1 chains in 1 job)
NUTS: [b_bar_z, z, lam, tau_z, Sigma_packed_z]
Sampling 1 chain for 500 tune and 750 draw iterations (500 + 750 draws total) took 486 seconds.
  1 chains x 750 draws (500 tune) in 504s
  divergences 4 of 750 (0.5%) | tree depth 8.00 | E-BFMI 0.84
  refit 2/40 at t=252 (1038s elapsed, 19714s remaining)
Initializing NUTS using adapt_diag...
Sequential sampling (1 chains in 1 job)
NUTS: [b_bar_z, z, lam, tau_z, Sigma_packed_z]
Sampling 1 chain for 500 tune and 750 draw iterations (500 + 750 draws total) took 520 seconds.
  1 chains x 750 draws (500 tune) in 538s
  divergences 2 of 750 (0.3%) | tree depth 8.00 | E-BFMI 0.75
  refit 3/40 at t=264 (1576s elapsed, 19441s remaining)
Initializing NUTS using adapt_diag...
Sequential sampling (1 chains in 1 job)
NUTS: [b_bar_z, z, lam, tau_z, Sigma_packed_z]
Sampling 1 chain for 500 tune and 750 draw iterations (500 + 750 draws total) took 533 seconds.
  1 chains x 750 draws (500 tune) in 550s
  divergences 0 of 750 (0.0%) | tree depth 8.00 | E-BFMI 0.84
  refit 4/40 at t=276 (2128s elapsed, 19152s remaining)
Initializing NUTS using adapt_diag...
Sequential sampling (1 chains in 1 job)
NUTS: [b_bar_z, z, lam, tau_z, Sigma_packed_z]
Sampling 1 chain for 500 tune and 750 draw iterations (500 + 750 draws total) took 571 seconds.
  1 chains x 750 draws (500 tune) in 590s
  divergences 6 of 750 (0.8%) | tree depth 7.99 | E-BFMI 0.88
  refit 5/40 at t=288 (2719s elapsed, 19031s remaining)
Initializing NUTS using adapt_diag...
Sequential sampling (1 chains in 1 job)
NUTS: [b_bar_z, z, lam, tau_z, Sigma_packed_z]
Sampling 1 chain for 500 tune and 750 draw iterations (500 + 750 draws total) took 563 seconds.
  1 chains x 750 draws (500 tune) in 582s
  divergences 3 of 750 (0.4%) | tree depth 7.99 | E-BFMI 0.77
  refit 6/40 at t=300 (3301s elapsed, 18708s remaining)
Initializing NUTS using adapt_diag...
Sequential sampling (1 chains in 1 job)
NUTS: [b_bar_z, z, lam, tau_z, Sigma_packed_z]
Sampling 1 chain for 500 tune and 750 draw iterations (500 + 750 draws total) took 602 seconds.
  1 chains x 750 draws (500 tune) in 621s
  divergences 4 of 750 (0.5%) | tree depth 8.00 | E-BFMI 0.79
  refit 7/40 at t=312 (3923s elapsed, 18495s remaining)
Initializing NUTS using adapt_diag...
Sequential sampling (1 chains in 1 job)
NUTS: [b_bar_z, z, lam, tau_z, Sigma_packed_z]
Sampling 1 chain for 500 tune and 750 draw iterations (500 + 750 draws total) took 596 seconds.
  1 chains x 750 draws (500 tune) in 615s
  divergences 8 of 750 (1.1%) | tree depth 7.99 | E-BFMI 0.82
  refit 8/40 at t=324 (4538s elapsed, 18152s remaining)
Initializing NUTS using adapt_diag...
Sequential sampling (1 chains in 1 job)
NUTS: [b_bar_z, z, lam, tau_z, Sigma_packed_z]
Sampling 1 chain for 500 tune and 750 draw iterations (500 + 750 draws total) took 621 seconds.
  1 chains x 750 draws (500 tune) in 640s
  divergences 12 of 750 (1.6%) | tree depth 7.98 | E-BFMI 0.90
  refit 9/40 at t=336 (5178s elapsed, 17836s remaining)
Initializing NUTS using adapt_diag...
Sequential sampling (1 chains in 1 job)
NUTS: [b_bar_z, z, lam, tau_z, Sigma_packed_z]
Sampling 1 chain for 500 tune and 750 draw iterations (500 + 750 draws total) took 1037 seconds.
  1 chains x 750 draws (500 tune) in 1056s
  divergences 5 of 750 (0.7%) | tree depth 9.00 | E-BFMI 0.89
  refit 10/40 at t=348 (6235s elapsed, 18704s remaining)
Initializing NUTS using adapt_diag...
Sequential sampling (1 chains in 1 job)
NUTS: [b_bar_z, z, lam, tau_z, Sigma_packed_z]
Sampling 1 chain for 500 tune and 750 draw iterations (500 + 750 draws total) took 1118 seconds.
  1 chains x 750 draws (500 tune) in 1138s
  divergences 2 of 750 (0.3%) | tree depth 9.00 | E-BFMI 0.82
  refit 11/40 at t=360 (7373s elapsed, 19438s remaining)
Initializing NUTS using adapt_diag...
Sequential sampling (1 chains in 1 job)
NUTS: [b_bar_z, z, lam, tau_z, Sigma_packed_z]
Sampling 1 chain for 500 tune and 750 draw iterations (500 + 750 draws total) took 725 seconds.
  1 chains x 750 draws (500 tune) in 744s
  divergences 32 of 750 (4.3%) | tree depth 7.84 | E-BFMI 0.92
  refit 12/40 at t=372 (8117s elapsed, 18939s remaining)
Initializing NUTS using adapt_diag...
Sequential sampling (1 chains in 1 job)
NUTS: [b_bar_z, z, lam, tau_z, Sigma_packed_z]
Sampling 1 chain for 500 tune and 750 draw iterations (500 + 750 draws total) took 844 seconds.
  1 chains x 750 draws (500 tune) in 863s
  divergences 7 of 750 (0.9%) | tree depth 7.99 | E-BFMI 0.86
  refit 13/40 at t=384 (8980s elapsed, 18650s remaining)
Initializing NUTS using adapt_diag...
Sequential sampling (1 chains in 1 job)
NUTS: [b_bar_z, z, lam, tau_z, Sigma_packed_z]
Sampling 1 chain for 500 tune and 750 draw iterations (500 + 750 draws total) took 1298 seconds.
  1 chains x 750 draws (500 tune) in 1318s
  divergences 7 of 750 (0.9%) | tree depth 8.99 | E-BFMI 0.87
  refit 14/40 at t=396 (10298s elapsed, 19125s remaining)
Initializing NUTS using adapt_diag...
Sequential sampling (1 chains in 1 job)
NUTS: [b_bar_z, z, lam, tau_z, Sigma_packed_z]
Sampling 1 chain for 500 tune and 750 draw iterations (500 + 750 draws total) took 1253 seconds.
  1 chains x 750 draws (500 tune) in 1273s
  divergences 8 of 750 (1.1%) | tree depth 8.99 | E-BFMI 0.79
  refit 15/40 at t=408 (11571s elapsed, 19285s remaining)
Initializing NUTS using adapt_diag...
Sequential sampling (1 chains in 1 job)
NUTS: [b_bar_z, z, lam, tau_z, Sigma_packed_z]
Sampling 1 chain for 500 tune and 750 draw iterations (500 + 750 draws total) took 1375 seconds.
  1 chains x 750 draws (500 tune) in 1397s
  divergences 6 of 750 (0.8%) | tree depth 8.99 | E-BFMI 0.75
  refit 16/40 at t=420 (12968s elapsed, 19452s remaining)
Initializing NUTS using adapt_diag...
Sequential sampling (1 chains in 1 job)
NUTS: [b_bar_z, z, lam, tau_z, Sigma_packed_z]
Sampling 1 chain for 500 tune and 750 draw iterations (500 + 750 draws total) took 1393 seconds.
  1 chains x 750 draws (500 tune) in 1414s
  divergences 3 of 750 (0.4%) | tree depth 9.00 | E-BFMI 0.78
  refit 17/40 at t=432 (14383s elapsed, 19459s remaining)
Initializing NUTS using adapt_diag...
Sequential sampling (1 chains in 1 job)
NUTS: [b_bar_z, z, lam, tau_z, Sigma_packed_z]
Sampling 1 chain for 500 tune and 750 draw iterations (500 + 750 draws total) took 1497 seconds.
  1 chains x 750 draws (500 tune) in 1517s
  divergences 5 of 750 (0.7%) | tree depth 8.99 | E-BFMI 0.75
  refit 18/40 at t=444 (15900s elapsed, 19433s remaining)
Initializing NUTS using adapt_diag...
Sequential sampling (1 chains in 1 job)
NUTS: [b_bar_z, z, lam, tau_z, Sigma_packed_z]
Sampling 1 chain for 500 tune and 750 draw iterations (500 + 750 draws total) took 1642 seconds.
  1 chains x 750 draws (500 tune) in 1664s
  divergences 7 of 750 (0.9%) | tree depth 8.99 | E-BFMI 0.84
  refit 19/40 at t=456 (17564s elapsed, 19413s remaining)
Initializing NUTS using adapt_diag...
Sequential sampling (1 chains in 1 job)
NUTS: [b_bar_z, z, lam, tau_z, Sigma_packed_z]
Sampling 1 chain for 500 tune and 750 draw iterations (500 + 750 draws total) took 1464 seconds.
  1 chains x 750 draws (500 tune) in 1484s
  divergences 9 of 750 (1.2%) | tree depth 8.99 | E-BFMI 0.79
  refit 20/40 at t=468 (19048s elapsed, 19048s remaining)
Initializing NUTS using adapt_diag...
Sequential sampling (1 chains in 1 job)
NUTS: [b_bar_z, z, lam, tau_z, Sigma_packed_z]
Sampling 1 chain for 500 tune and 750 draw iterations (500 + 750 draws total) took 1619 seconds.
  1 chains x 750 draws (500 tune) in 1640s
  divergences 4 of 750 (0.5%) | tree depth 8.99 | E-BFMI 0.91
  refit 21/40 at t=480 (20688s elapsed, 18718s remaining)
Initializing NUTS using adapt_diag...
Sequential sampling (1 chains in 1 job)
NUTS: [b_bar_z, z, lam, tau_z, Sigma_packed_z]
Sampling 1 chain for 500 tune and 750 draw iterations (500 + 750 draws total) took 1566 seconds.
  1 chains x 750 draws (500 tune) in 1585s
  divergences 16 of 750 (2.1%) | tree depth 8.98 | E-BFMI 0.79
  refit 22/40 at t=492 (22274s elapsed, 18224s remaining)
Initializing NUTS using adapt_diag...
Sequential sampling (1 chains in 1 job)
NUTS: [b_bar_z, z, lam, tau_z, Sigma_packed_z]
Sampling 1 chain for 500 tune and 750 draw iterations (500 + 750 draws total) took 1706 seconds.
  1 chains x 750 draws (500 tune) in 1727s
  divergences 6 of 750 (0.8%) | tree depth 9.00 | E-BFMI 0.84
  refit 23/40 at t=504 (24001s elapsed, 17740s remaining)
Initializing NUTS using adapt_diag...
Sequential sampling (1 chains in 1 job)
NUTS: [b_bar_z, z, lam, tau_z, Sigma_packed_z]
Sampling 1 chain for 500 tune and 750 draw iterations (500 + 750 draws total) took 1740 seconds.
  1 chains x 750 draws (500 tune) in 1761s
  divergences 11 of 750 (1.5%) | tree depth 8.99 | E-BFMI 0.75
  refit 24/40 at t=516 (25762s elapsed, 17175s remaining)
Initializing NUTS using adapt_diag...
Sequential sampling (1 chains in 1 job)
NUTS: [b_bar_z, z, lam, tau_z, Sigma_packed_z]
Sampling 1 chain for 500 tune and 750 draw iterations (500 + 750 draws total) took 1723 seconds.
  1 chains x 750 draws (500 tune) in 1743s
  divergences 11 of 750 (1.5%) | tree depth 8.99 | E-BFMI 0.78
  refit 25/40 at t=528 (27506s elapsed, 16504s remaining)
Initializing NUTS using adapt_diag...
Sequential sampling (1 chains in 1 job)
NUTS: [b_bar_z, z, lam, tau_z, Sigma_packed_z]
Sampling 1 chain for 500 tune and 750 draw iterations (500 + 750 draws total) took 1728 seconds.
  1 chains x 750 draws (500 tune) in 1749s
  divergences 9 of 750 (1.2%) | tree depth 8.99 | E-BFMI 0.84
  refit 26/40 at t=540 (29255s elapsed, 15753s remaining)
Initializing NUTS using adapt_diag...
Sequential sampling (1 chains in 1 job)
NUTS: [b_bar_z, z, lam, tau_z, Sigma_packed_z]
Sampling 1 chain for 500 tune and 750 draw iterations (500 + 750 draws total) took 1763 seconds.
  1 chains x 750 draws (500 tune) in 1785s
  divergences 2 of 750 (0.3%) | tree depth 8.99 | E-BFMI 0.84
  refit 27/40 at t=552 (31041s elapsed, 14945s remaining)
Initializing NUTS using adapt_diag...
Sequential sampling (1 chains in 1 job)
NUTS: [b_bar_z, z, lam, tau_z, Sigma_packed_z]
Sampling 1 chain for 500 tune and 750 draw iterations (500 + 750 draws total) took 1864 seconds.
  1 chains x 750 draws (500 tune) in 1889s
  divergences 4 of 750 (0.5%) | tree depth 9.00 | E-BFMI 0.85
  refit 28/40 at t=564 (32931s elapsed, 14113s remaining)
Initializing NUTS using adapt_diag...
Sequential sampling (1 chains in 1 job)
NUTS: [b_bar_z, z, lam, tau_z, Sigma_packed_z]
Sampling 1 chain for 500 tune and 750 draw iterations (500 + 750 draws total) took 1898 seconds.
  1 chains x 750 draws (500 tune) in 1918s
  divergences 8 of 750 (1.1%) | tree depth 8.98 | E-BFMI 0.73
  refit 29/40 at t=576 (34850s elapsed, 13219s remaining)
Initializing NUTS using adapt_diag...
Sequential sampling (1 chains in 1 job)
NUTS: [b_bar_z, z, lam, tau_z, Sigma_packed_z]
Sampling 1 chain for 500 tune and 750 draw iterations (500 + 750 draws total) took 1933 seconds.
  1 chains x 750 draws (500 tune) in 1957s
  divergences 6 of 750 (0.8%) | tree depth 9.00 | E-BFMI 0.75
  refit 30/40 at t=588 (36809s elapsed, 12270s remaining)
Initializing NUTS using adapt_diag...
Sequential sampling (1 chains in 1 job)
NUTS: [b_bar_z, z, lam, tau_z, Sigma_packed_z]
Sampling 1 chain for 500 tune and 750 draw iterations (500 + 750 draws total) took 1944 seconds.
  1 chains x 750 draws (500 tune) in 1966s
  divergences 10 of 750 (1.3%) | tree depth 8.99 | E-BFMI 0.85
  refit 31/40 at t=600 (38775s elapsed, 11257s remaining)
Initializing NUTS using adapt_diag...
Sequential sampling (1 chains in 1 job)
NUTS: [b_bar_z, z, lam, tau_z, Sigma_packed_z]
Sampling 1 chain for 500 tune and 750 draw iterations (500 + 750 draws total) took 2178 seconds.
  1 chains x 750 draws (500 tune) in 2203s
  divergences 5 of 750 (0.7%) | tree depth 8.99 | E-BFMI 0.82
  refit 32/40 at t=612 (40979s elapsed, 10245s remaining)
Initializing NUTS using adapt_diag...
Sequential sampling (1 chains in 1 job)
NUTS: [b_bar_z, z, lam, tau_z, Sigma_packed_z]
Sampling 1 chain for 500 tune and 750 draw iterations (500 + 750 draws total) took 2490 seconds.
  1 chains x 750 draws (500 tune) in 2518s
  divergences 8 of 750 (1.1%) | tree depth 9.21 | E-BFMI 0.81
  refit 33/40 at t=624 (43499s elapsed, 9227s remaining)
Initializing NUTS using adapt_diag...
Sequential sampling (1 chains in 1 job)
NUTS: [b_bar_z, z, lam, tau_z, Sigma_packed_z]
Sampling 1 chain for 500 tune and 750 draw iterations (500 + 750 draws total) took 2995 seconds.
  1 chains x 750 draws (500 tune) in 3021s
  divergences 7 of 750 (0.9%) | tree depth 8.99 | E-BFMI 0.81
  refit 34/40 at t=636 (46522s elapsed, 8210s remaining)
Initializing NUTS using adapt_diag...
Sequential sampling (1 chains in 1 job)
NUTS: [b_bar_z, z, lam, tau_z, Sigma_packed_z]
Sampling 1 chain for 500 tune and 750 draw iterations (500 + 750 draws total) took 2058 seconds.
  1 chains x 750 draws (500 tune) in 2087s
  divergences 7 of 750 (0.9%) | tree depth 9.00 | E-BFMI 0.76
  refit 35/40 at t=648 (48612s elapsed, 6945s remaining)
Initializing NUTS using adapt_diag...
Sequential sampling (1 chains in 1 job)
NUTS: [b_bar_z, z, lam, tau_z, Sigma_packed_z]
Sampling 1 chain for 500 tune and 750 draw iterations (500 + 750 draws total) took 2191 seconds.
  1 chains x 750 draws (500 tune) in 2218s
  divergences 7 of 750 (0.9%) | tree depth 8.99 | E-BFMI 0.79
  refit 36/40 at t=660 (50831s elapsed, 5648s remaining)
Initializing NUTS using adapt_diag...
Sequential sampling (1 chains in 1 job)
NUTS: [b_bar_z, z, lam, tau_z, Sigma_packed_z]
Sampling 1 chain for 500 tune and 750 draw iterations (500 + 750 draws total) took 2225 seconds.
  1 chains x 750 draws (500 tune) in 2251s
  divergences 11 of 750 (1.5%) | tree depth 8.98 | E-BFMI 0.77
  refit 37/40 at t=672 (53084s elapsed, 4304s remaining)
Initializing NUTS using adapt_diag...
Sequential sampling (1 chains in 1 job)
NUTS: [b_bar_z, z, lam, tau_z, Sigma_packed_z]
Sampling 1 chain for 500 tune and 750 draw iterations (500 + 750 draws total) took 2297 seconds.
  1 chains x 750 draws (500 tune) in 2332s
  divergences 2 of 750 (0.3%) | tree depth 9.00 | E-BFMI 0.85
  refit 38/40 at t=684 (55418s elapsed, 2917s remaining)
Initializing NUTS using adapt_diag...
Sequential sampling (1 chains in 1 job)
NUTS: [b_bar_z, z, lam, tau_z, Sigma_packed_z]
Sampling 1 chain for 500 tune and 750 draw iterations (500 + 750 draws total) took 2309 seconds.
  1 chains x 750 draws (500 tune) in 2338s
  divergences 8 of 750 (1.1%) | tree depth 8.99 | E-BFMI 0.76
  refit 39/40 at t=696 (57758s elapsed, 1481s remaining)
Initializing NUTS using adapt_diag...
Sequential sampling (1 chains in 1 job)
NUTS: [b_bar_z, z, lam, tau_z, Sigma_packed_z]
Sampling 1 chain for 500 tune and 750 draw iterations (500 + 750 draws total) took 2372 seconds.
  1 chains x 750 draws (500 tune) in 2400s
  divergences 7 of 750 (0.9%) | tree depth 8.99 | E-BFMI 0.84
  refit 40/40 at t=708 (60160s elapsed, 0s remaining)

agreement with the Chapter 5 backtest: max |diff| 7.897e-03 (165.54% of the mean absolute forecast)
   [Gibbs models share a fixed seed and should agree essentially
    exactly; NUTS models re-run a single chain and will differ by
    sampling noise, which is the same magnitude as the seed-to-seed
    variation already documented in Section 4.4.]

==========================================================================
PREDICTIVE INTERVAL COVERAGE | horseshoe
==========================================================================
   11,975 asset-months, nominal 95%
   coefficient uncertainty only :  13.13%   mean width 0.0184
   full predictive              :  94.16%   mean width 0.2240
   width ratio (full / coef)    : 12.2x

   binomial SE at nominal coverage: 0.20%
   [a LOWER BOUND on the true standard error: asset-months are not
    independent, being serially dependent within a refit year and
    cross-sectionally dependent through Sigma. Quote it as such.]

saved -> results/size_bm_25/horseshoe/intervals
